// Jest Snapshot v1, https://goo.gl/fbAQLP

exports[`App Component Test App snapshot 1`] = `
Array [
  <div>
    <label
      name="fontColor"
    >
      Choose a font color:
    </label>
    <input
      name="fontColor"
      onChange={[Function]}
      type="color"
      value="white"
    />
    <label
      name="backgroundColor"
    >
      Choose a background color:
    </label>
    <input
      name="backgroundColor"
      onChange={[Function]}
      type="color"
      value="grey"
    />
  </div>,
  <div>
    <label
      name="text"
    >
      Text:
    </label>
    <input
      name="text"
      onChange={[Function]}
      type="text"
      value=""
    />
  </div>,
  <div
    style={
      Object {
        "background": "grey",
        "color": "white",
      }
    }
  >
    
  </div>,
]
`;

exports[`Shape Component Test Shape snapshot 1`] = `
<div
  style={
    Object {
      "background": undefined,
      "color": undefined,
    }
  }
/>
`;
