// Jest Snapshot v1, https://goo.gl/fbAQLP

exports[`Shape Component Test Shape snapshot 1`] = `
<div
  style={
    Object {
      "background": undefined,
      "color": undefined,
    }
  }
/>
`;
