// Jest Snapshot v1, https://goo.gl/fbAQLP

exports[`shape renders a shape 1`] = `
<Fragment>
  <div
    style={
      Object {
        "backgroundColor": "white",
        "color": "black",
      }
    }
  >
    asdf
  </div>
</Fragment>
`;
